2026-05-16 16:25:07,291 DEBUG cd frappe-bench && uv venv env --seed --python /home/codespace/.local/share/uv/python/cpython-3.14-linux-x86_64-gnu/bin/python3.14
2026-05-16 16:25:08,543 LOG Getting frappe
2026-05-16 16:25:08,544 DEBUG cd frappe-bench/apps && git clone https://github.com/frappe/frappe.git --branch version-16 --depth 1 --origin upstream
2026-05-16 16:25:12,025 LOG Installing frappe
2026-05-16 16:25:12,028 DEBUG cd /workspaces/ERPnext/frappe-bench && uv pip install --quiet --upgrade -e /workspaces/ERPnext/frappe-bench/apps/frappe  --python /workspaces/ERPnext/frappe-bench/env/bin/python
2026-05-16 16:25:38,189 DEBUG cd /workspaces/ERPnext/frappe-bench/apps/frappe && yarn install --check-files
2026-05-16 16:26:35,010 LOG setting up backups
2026-05-16 16:26:36,052 ERROR There was a problem while creating frappe-bench
2026-05-16 16:26:36,061 WARNING /usr/local/py-utils/bin/bench init frappe-bench --frappe-branch version-16 --python /home/codespace/.local/share/uv/python/cpython-3.14-linux-x86_64-gnu/bin/python3.14 --skip-assets executed with exit code 1
2026-05-16 16:26:50,734 DEBUG cd frappe-bench && uv pip install --quiet --upgrade -e frappe-bench/apps/frappe --python /workspaces/ERPnext/frappe-bench/env/bin/python
2026-05-16 16:26:51,324 WARNING cd frappe-bench && uv pip install --quiet --upgrade -e frappe-bench/apps/frappe --python /workspaces/ERPnext/frappe-bench/env/bin/python executed with exit code 2
2026-05-16 16:26:52,326 ERROR There was a problem while creating frappe-bench
2026-05-16 16:26:52,327 WARNING /usr/local/py-utils/bin/bench init frappe-bench --ignore-exist --frappe-branch version-16 --python /home/codespace/.local/share/uv/python/cpython-3.14-linux-x86_64-gnu/bin/python3.14 --skip-assets --no-backups executed with exit code 1
2026-05-16 16:27:03,922 INFO /usr/local/py-utils/bin/bench version
2026-05-16 16:27:22,306 INFO /usr/local/py-utils/bin/bench get-app erpnext --branch version-16
2026-05-16 16:27:22,851 LOG Getting erpnext
2026-05-16 16:27:22,852 DEBUG cd ./apps && git clone https://github.com/frappe/erpnext.git --branch version-16 --depth 1 --origin upstream
2026-05-16 16:27:29,180 LOG Installing erpnext
2026-05-16 16:27:29,183 DEBUG cd /workspaces/ERPnext/frappe-bench && uv pip install --quiet --upgrade -e /workspaces/ERPnext/frappe-bench/apps/erpnext  --python /workspaces/ERPnext/frappe-bench/env/bin/python
2026-05-16 16:27:33,798 DEBUG cd /workspaces/ERPnext/frappe-bench/apps/erpnext && yarn install --check-files
2026-05-16 16:27:34,309 DEBUG bench build --app erpnext
2026-05-16 16:27:34,518 INFO /usr/local/py-utils/bin/bench build --app erpnext
2026-05-16 16:28:00,709 INFO /usr/local/py-utils/bin/bench new-app --help
2026-05-16 16:28:06,696 INFO /usr/local/py-utils/bin/bench new-app business_customizations --no-git
2026-05-16 16:28:06,704 LOG creating new app business_customizations
2026-05-16 16:28:07,893 WARNING /usr/local/py-utils/bin/bench new-app business_customizations --no-git executed with exit code 1
2026-05-16 16:28:13,857 INFO /usr/local/py-utils/bin/bench new-app business_customizations --no-git
2026-05-16 16:28:13,865 LOG creating new app business_customizations
2026-05-16 16:29:56,658 LOG Installing business_customizations
2026-05-16 16:29:56,660 DEBUG cd /workspaces/ERPnext/frappe-bench && uv pip install --quiet --upgrade -e /workspaces/ERPnext/frappe-bench/apps/business_customizations  --python /workspaces/ERPnext/frappe-bench/env/bin/python
2026-05-16 16:29:56,672 WARNING cd /workspaces/ERPnext/frappe-bench && uv pip install --quiet --upgrade -e /workspaces/ERPnext/frappe-bench/apps/business_customizations  --python /workspaces/ERPnext/frappe-bench/env/bin/python executed with exit code 2
2026-05-16 16:29:56,673 WARNING /usr/local/py-utils/bin/bench new-app business_customizations --no-git executed with exit code 167
2026-05-16 16:30:35,727 INFO /usr/local/py-utils/bin/bench new-site --help
2026-05-16 16:30:44,383 INFO /usr/local/py-utils/bin/bench new-site business.localhost --admin-password admin --db-root-password  --install-app erpnext --set-default
2026-05-16 16:31:00,586 INFO /usr/local/py-utils/bin/bench new-site business.localhost --admin-password admin --db-root-password admin --install-app erpnext --set-default
2026-05-16 16:31:08,973 INFO /usr/local/py-utils/bin/bench new-site business.localhost --force --admin-password admin --db-root-password admin --install-app erpnext --set-default
2026-05-16 16:31:21,556 INFO /usr/local/py-utils/bin/bench new-site business.localhost --force --admin-password admin --db-root-password admin --install-app erpnext --set-default
2026-05-16 16:34:37,827 INFO /usr/local/py-utils/bin/bench new-site business.localhost --force --admin-password admin --db-root-password admin --install-app erpnext --set-default
2026-05-16 16:36:14,999 INFO /usr/local/py-utils/bin/bench --site business.localhost install-app business_customizations
2026-05-16 16:36:31,188 INFO /usr/local/py-utils/bin/bench --site business.localhost install-app business_customizations
2026-05-16 16:36:45,154 INFO /usr/local/py-utils/bin/bench --site business.localhost list-apps
2026-05-16 16:37:04,479 INFO /usr/local/py-utils/bin/bench start
2026-05-16 16:37:06,049 INFO /usr/local/py-utils/bin/bench worker
2026-05-16 16:37:06,185 INFO /usr/local/py-utils/bin/bench schedule
2026-05-16 16:37:06,421 INFO /usr/local/py-utils/bin/bench serve --port 8001
2026-05-16 16:37:06,939 INFO /usr/local/py-utils/bin/bench watch
2026-05-16 16:40:42,006 INFO /usr/local/py-utils/bin/bench --site business.localhost clear-cache
2026-05-16 16:40:59,865 INFO /usr/local/py-utils/bin/bench start
2026-05-16 16:41:01,055 INFO /usr/local/py-utils/bin/bench worker
2026-05-16 16:41:01,721 INFO /usr/local/py-utils/bin/bench schedule
2026-05-16 16:41:01,958 INFO /usr/local/py-utils/bin/bench serve --port 8001
2026-05-16 16:41:02,155 INFO /usr/local/py-utils/bin/bench watch
2026-05-16 16:44:50,607 INFO /usr/local/py-utils/bin/bench --site business.localhost clear-cache
2026-05-16 16:44:53,319 INFO /usr/local/py-utils/bin/bench --site business.localhost clear-website-cache
2026-05-16 16:47:00,698 INFO /usr/local/py-utils/bin/bench build --force
2026-05-16 16:47:51,142 INFO /usr/local/py-utils/bin/bench start
2026-05-16 16:47:52,334 INFO /usr/local/py-utils/bin/bench watch
2026-05-16 16:47:52,611 INFO /usr/local/py-utils/bin/bench worker
2026-05-16 16:47:52,836 INFO /usr/local/py-utils/bin/bench serve --port 8001
2026-05-16 16:47:52,848 INFO /usr/local/py-utils/bin/bench schedule
2026-05-16 16:48:00,132 INFO /usr/local/py-utils/bin/bench --site business.localhost clear-cache
2026-05-16 16:48:00,442 INFO /usr/local/py-utils/bin/bench --site business.localhost clear-website-cache
2026-05-16 17:00:59,328 INFO /usr/local/py-utils/bin/bench --site business.localhost execute frappe.client.get_list --kwargs {'doctype':'Warehouse','fields':['name','company'],'limit_page_length':20}
2026-05-16 17:00:59,329 INFO /usr/local/py-utils/bin/bench --site business.localhost execute frappe.client.get_list --kwargs {'doctype':'Company','fields':['name','default_currency','country'],'limit_page_length':20}
2026-05-16 17:01:20,085 INFO /usr/local/py-utils/bin/bench --site business.localhost execute frappe.client.get_list --kwargs {'doctype':'Customer Group','fields':['name'],'limit_page_length':50}
2026-05-16 17:01:21,346 INFO /usr/local/py-utils/bin/bench --site business.localhost execute frappe.client.get_list --kwargs {'doctype':'Supplier Group','fields':['name'],'limit_page_length':50}
2026-05-16 17:01:21,629 INFO /usr/local/py-utils/bin/bench --site business.localhost execute frappe.client.get_list --kwargs {'doctype':'Territory','fields':['name'],'limit_page_length':80}
2026-05-16 17:01:21,634 INFO /usr/local/py-utils/bin/bench --site business.localhost execute frappe.client.get_list --kwargs {'doctype':'Item Group','fields':['name'],'limit_page_length':80}
2026-05-16 17:01:38,036 INFO /usr/local/py-utils/bin/bench --site business.localhost execute frappe.client.get_list --kwargs {'doctype':'UOM','fields':['name'],'limit_page_length':100}
2026-05-16 17:01:38,409 INFO /usr/local/py-utils/bin/bench --site business.localhost execute frappe.client.get_list --kwargs {'doctype':'Company','fields':['name','abbr','default_warehouse'],'limit_page_length':20}
2026-05-16 17:01:38,994 INFO /usr/local/py-utils/bin/bench --site business.localhost execute frappe.client.get_value --args ['Selling Settings','Selling Settings',['cust_master_name']]
